node : file:///C:/Use
rs/Hp/OneDrive/Deskto
p/HEALTHCARE/backend/
server.js:39
At line:1 char:1
+ node server.js > 
error_log.txt 2>&1
+ ~~~~~~~~~~~~~~~~~~~
~~~~~~~~~~~~~~~~
    + CategoryInfo   
           : NotSpe  
  cified: (file://   
 /C:/User...nd/se    
rver.js:39:Strin    
g) [], RemoteExc    
eption
    + FullyQualified 
   ErrorId : Native  
  CommandError
 
  } catch (err) {
  ^

SyntaxError: 
Unexpected token '}'
    at compileSourceT
extModule (node:inter
nal/modules/esm/utils
:346:16)
    at ModuleLoader.m
oduleStrategy (node:i
nternal/modules/esm/t
ranslators:107:18)
    at #translate (no
de:internal/modules/e
sm/loader:540:12)
    at ModuleLoader.l
oadAndTranslate (node
:internal/modules/esm
/loader:587:27)
    at async 
ModuleJob._link (node
:internal/modules/esm
/module_job:162:19)

Node.js v22.19.0
